
> frontend@0.0.0 test
> vitest src/pages/CalibrationForm.test.tsx --run


[1m[46m RUN [49m[22m [36mv4.0.18 [39m[90mC:/Users/jpuglia/proyectos/gestor_calibracion_pipetas/frontend[39m

 [31mÔØ»[39m src/pages/CalibrationForm.test.tsx [2m([22m[2m6 tests[22m[2m | [22m[31m4 failed[39m[2m)[22m[33m 4193[2mms[22m[39m
     [32mÔ£ô[39m auto-populates results when a pipette with specifications is selected[32m 72[2mms[22m[39m
     [32mÔ£ô[39m falls back to global specifications if specific ones are missing[32m 31[2mms[22m[39m
[31m     [31m├ù[31m shows OOS warning when error exceeds max_error[39m[33m 1025[2mms[22m[39m
[31m     [31m├ù[31m does NOT show OOS warning when error is within max_error[39m[33m 1032[2mms[22m[39m
[31m     [31m├ù[31m correctly handles comma-separated decimal inputs[39m[33m 1014[2mms[22m[39m
[31m     [31m├ù[31m allows intermediate negative sign without showing NaN[39m[33m 1017[2mms[22m[39m
node.exe : 
En línea: 1 Carácter: 1
+ & "C:\Program Files\nodejs/node.exe" "C:\Program 
Files\nodejs/node_mo ...
+ ~~~~~~~~~~~~~~~~~~~~~~~~~~~~~~~~~~~~~~~~~~~~~~~~~~~~~~~~~~~~~~~~~~~~~
    + CategoryInfo          : NotSpecified: (:String) [], RemoteExcept 
   ion
    + FullyQualifiedErrorId : NativeCommandError
 
[31mÔÄ»ÔÄ»ÔÄ»ÔÄ»ÔÄ»ÔÄ»ÔÄ»[39m[1m[41m Failed Tests 4 
[49m[22m[31mÔÄ»ÔÄ»ÔÄ»ÔÄ»ÔÄ»ÔÄ»ÔÄ»[39m

[41m[1m FAIL [22m[49m src/pages/CalibrationForm.test.tsx[2m > 
[22mCalibrationForm OOS Logic[2m > [22mshows OOS warning when error 
exceeds max_error
[31m[1mAssertionError[22m[39m: expected "vi.fn()" to be called 
with arguments: [ 1 ][90m

Number of calls: [1m0[22m
[39m

Ignored nodes: comments, script, style
[36m<html>[39m
  [36m<head />[39m
  [36m<body>[39m
    [36m<div>[39m
      [36m<div[39m
        [33mclass[39m=[32m"calibration-page"[39m
      [36m>[39m
        [36m<div[39m
          [33mclass[39m=[32m"form-container"[39m
        [36m>[39m
          [36m<h2>[39m
            [0mRegistrar Nuevo Servicio[0m
          [36m</h2>[39m
          [36m<form>[39m
            [36m<section[39m
              [33mclass[39m=[32m"form-section"[39m
            [36m>[39m
              [36m<h3>[39m
                [0m1. Informaci├│n de la Pipeta[0m
              [36m</h3>[39m
              [36m<div[39m
                [33mclass[39m=[32m"form-group"[39m
              [36m>[39m
                [36m<label[39m
                  [33mfor[39m=[32m"pipette-select"[39m
                [36m>[39m
                  [0mSeleccionar Pipeta[0m
                [36m</label>[39m
                [36m<select[39m
                  [33mid[39m=[32m"pipette-select"[39m
                  [33mrequired[39m=[32m""[39m
                [36m>[39m
                  [36m<option[39m
                    [33mvalue[39m=[32m""[39m
                  [36m>[39m
                    [0m-- Seleccione una pipeta --[0m
                  [36m</option>[39m
                  [36m<option[39m
                    [33mvalue[39m=[32m"1"[39m
                  [36m>[39m
                    [0mPP-001[0m
                    [0m - [0m
                    [0mTest[0m
                    [0m ([0m
                    [0mBrand[0m
                    [0m)[0m
                  [36m</option>[39m
                [36m</select>[39m
              [36m</div>[39m
            [36m</section>[39m
            [36m<section[39m
              [33mclass[39m=[32m"form-section"[39m
            [36m>[39m
              [36m<h3>[39m
                [0m2. Detalles del Evento[0m
              [36m</h3>[39m
              [36m<div[39m
                [33mclass[39m=[32m"form-row"[39m
              [36m>[39m
                [36m<div[39m
                  [33mclass[39m=[32m"form-group"[39m
                [36m>[39m
                  [36m<label[39m
                    [33mfor[39m=[32m"event-type"[39m
                  [36m>[39m
                    [0mTipo de Evento[0m
                  [36m</label>[39m
                  [36m<select[39m
                    [33mid[39m=[32m"event-type"[39m
                  [36m>[39m
                    [36m<option[39m
                      [33mvalue[39m=[32m"calibraci├│n"[39m
                    [36m>[39m
                      [0mCalibraci├│n[0m
                    [36m</option>[39m
                    [36m<option[39m
                      [33mvalue[39m=[32m"calificaci├│n"[39m
                    [36m>[39m
                      [0mCalificaci├│n[0m
                    [36m</option>[39m
                    [36m<option[39m
                      [33mvalue[39m=[32m"ajuste"[39m
                    [36m>[39m
                      [0mAjuste[0m
                    [36m</option>[39m
                  [36m</select>[39m
                [36m</div>[39m
                [36m<div[39m
                  [33mclass[39m=[32m"form-group"[39m
                [36m>[39m
                  [36m<label[39m
                    [33mfor[39m=[32m"calibration-date"[39m
                  [36m>[39m
                    [0mFecha de Servicio[0m
                  [36m</label>[39m
                  [36m<input[39m
                    [33mid[39m=[32m"calibration-date"[39m
                    [33mrequired[39m=[32m""[39m
                    [33mtype[39m=[32m"date"[39m
                    [33mvalue[39m=[32m"2026-03-10"[39m
                  [36m/>[39m
                [36m</div>[39m
              [36m</div>[39m
              [36m<div[39m
                [33mclass[39m=[32m"form-row"[39m
              [36m>[39m
                [36m<div[39m
                  [33mclass[39m=[32m"form-group"[39m
                [36m>[39m
                  [36m<label[39m
                    [33mfor[39m=[32m"provider"[39m
                  [36m>[39m
                    [0mProveedor de Servicio[0m
                  [36m</label>[39m
                  [36m<input[39m
                    [33mid[39m=[32m"provider"[39m
                    [33mplaceholder[39m=[32m"Ej: Mettler 
Toledo"[39m
                    [33mrequired[39m=[32m""[39m
                    [33mtype[39m=[32m"text"[39m
                    [33mvalue[39m=[32m""[39m
                  [36m/>[39m
                [36m</div>[39m
                [36m<div[39m
                  [33mclass[39m=[32m"form-group"[39m
                [36m>[39m
                  [36m<label[39m
                    [33mfor[39m=[32m"expiration-date"[39m
                  [36m>[39m
                    [0mFecha de Vencimiento[0m
                  [36m</label>[39m
                  [36m<input[39m
                    [33mid[39m=[32m"expiration-date"[39m
                    [33mrequired[39m=[32m""[39m
                    [33mtype[39m=[32m"date"[39m
                    [33mvalue[39m=[32m""[39m
                  [36m/>[39m
                [36m</div>[39m
              [36m</div>[39m
            [36m</section>[39m
            [36m<section[39m
              [33mclass[39m=[32m"form-section"[39m
            [36m>[39m
              [36m<div[39m
                [33mclass[39m=[32m"section-header"[39m
              [36m>[39m
                [36m<h3>[39m
                  [0m3. Resultados de las Pruebas[0m
                [36m</h3>[39m
                [36m<button[39m
                  [33mclass[39m=[32m"btn-secondary"[39m
                  [33mtype[39m=[32m"button"[39m
                [36m>[39m
                  [36m<svg[39m
                    [33maria-hidden[39m=[32m"true"[39m
                    [33mclass[39m=[32m"lucide lucide-plus"[39m
                    [33mfill[39m=[32m"none"[39m
                    [33mheight[39m=[32m"16"[39m
                    [33mstroke[39m=[32m"currentColor"[39m
                    [33mstroke-linecap[39m=[32m"round"[39m
                    [33mstroke-linejoin[39m=[32m"round"[39m
                    [33mstroke-width[39m=[32m"2"[39m
                    [33mviewBox[39m=[32m"0 0 24 24"[39m
                    [33mwidth[39m=[32m"16"[39m
                    
[33mxmlns[39m=[32m"http://www.w3.org/2000/svg"[39m
                  [36m>[39m
                    [36m<path[39m
                      [33md[39m=[32m"M5 12h14"[39m
                    [36m/>[39m
                    [36m<path[39m
                      [33md[39m=[32m"M12 5v14"[39m
                    [36m/>[39m
                  [36m</svg>[39m
                  [0m A├▒adir Prueba[0m
                [36m</button>[39m
              [36m</div>[39m
              [36m<div[39m
                [33mclass[39m=[32m"results-list"[39m
              [36m>[39m
                [36m<div[39m
                  [33mclass[39m=[32m"result-row-container"[39m
                [36m>[39m
                  [36m<div[39m
                    [33mclass[39m=[32m"result-inputs"[39m
                  [36m>[39m
                    [36m<div[39m
                      [33mclass[39m=[32m"form-group small"[39m
                    [36m>[39m
                      [36m<label[39m
                        [33mfor[39m=[32m"vol-0"[39m
                      [36m>[39m
                        [0mVolumen (┬ÁL)[0m
                      [36m</label>[39m
                      [36m<input[39m
                        [33mclass[39m=[32m"read-only-input"[39m
                        [33mid[39m=[32m"vol-0"[39m
                        [33mplaceholder[39m=[32m"0"[39m
                        [33mreadonly[39m=[32m""[39m
                        [33mrequired[39m=[32m""[39m
                        [33mtype[39m=[32m"text"[39m
                        [33mvalue[39m=[32m"1000"[39m
                      [36m/>[39m
                    [36m</div>[39m
                    [36m<div[39m
                      [33mclass[39m=[32m"form-group small"[39m
                    [36m>[39m
                      [36m<label[39m
                        [33mfor[39m=[32m"err-0"[39m
                      [36m>[39m
                        [0mError (%)[0m
                      [36m</label>[39m
                      [36m<input[39m
                        [33mid[39m=[32m"err-0"[39m
                        [33mplaceholder[39m=[32m"0.00"[39m
                        [33mrequired[39m=[32m""[39m
                        [33mtype[39m=[32m"text"[39m
                        [33mvalue[39m=[32m"0"[39m
                      [36m/>[39m
                    [36m</div>[39m
                    [36m<div[39m
                      [33mclass[39m=[32m"form-group"[39m
                    [36m>[39m
                      [36m<label[39m
                        [33mfor[39m=[32m"report-0"[39m
                      [36m>[39m
                        [0mN┬░ Informe[0m
                      [36m</label>[39m
                      [36m<input[39m
                        [33mid[39m=[32m"report-0"[39m
                        [33mplaceholder[39m=[32m"CERT-123"[39m
                        [33mrequired[39m=[32m""[39m
                        [33mtype[39m=[32m"text"[39m
                        [33mvalue[39m=[32m""[39m
                      [36m/>[39m
                    [36m</div>[39m
                  [36m</div>[39m
                [36m</div>[39m
              [36m</div>[39m
            [36m</section>[39m
            [36m<div[39m
              [33mclass[39m=[32m"form-actions"[39m
            [36m>[39m
              [36m<button[39m
                [33mclass[39m=[32m"btn-primary"[39m
                [33mtype[39m=[32m"submit"[39m
              [36m>[39m
                [36m<svg[39m
                  [33maria-hidden[39m=[32m"true"[39m
                  [33mclass[39m=[32m"lucide lucide-save"[39m
                  [33mfill[39m=[32m"none"[39m
                  [33mheight[39m=[32m"18"[39m
                  [33mstroke[39m=[32m"currentColor"[39m
                  [33mstroke-linecap[39m=[32m"round"[39m
                  [33mstroke-linejoin[39m=[32m"round"[39m
                  [33mstroke-width[39m=[32m"2"[39m
                  [33mviewBox[39m=[32m"0 0 24 24"[39m
                  [33mwidth[39m=[32m"18"[39m
                  
[33mxmlns[39m=[32m"http://www.w3.org/2000/svg"[39m
                [36m>[39m
                  [36m<path[39m
                    [33md[39m=[32m"M15.2 3a2 2 0 0 1 1.4.6l3.8 
3.8a2 2 0 0 1 .6 1.4V19a2 2 0 0 1-2 2H5a2 2 0 0 1-2-2V5a2 2 0 0 1 
2-2z"[39m
                  [36m/>[39m
                  [36m<path[39m
                    [33md[39m=[32m"M17 21v-7a1 1 0 0 0-1-1H8a1 1 0 
0 0-1 1v7"[39m
                  [36m/>[39m
                  [36m<path[39m
                    [33md[39m=[32m"M7 3v4a1 1 0 0 0 1 1h7"[39m
                  [36m/>[39m
                [36m</svg>[39m
                [0m [0m
                [0mGuardar Servicio[0m
              [36m</button>[39m
            [36m</div>[39m
          [36m</form>[39m
        [36m</div>[39m
      [36m</div>[39m
    [36m</div>[39m
  [36m</body>[39m
[36m</html>[39m
[36m [2mÔØ»[22m 
src/pages/CalibrationForm.test.tsx:[2m124:57[22m[39m
    [90m122| [39m    [90m// 2. Wait for template load and fill 
results[39m
    [90m123| [39m    [35mawait[39m [34mwaitFor[39m(() 
[33m=>[39m {
    [90m124| [39m      
expect(pipetteService.getLastCalibrationTemplate).toHaveBeenCallÔÇª
    [90m   | [39m                                                    
    [31m^[39m
    [90m125| [39m    })[33m;[39m
    [90m126| [39m
[90m [2mÔØ»[22m runWithExpensiveErrorDiagnosticsDisabled 
node_modules/@testing-library/dom/dist/config.js:[2m47:12[22m[39m
[90m [2mÔØ»[22m checkCallback 
node_modules/@testing-library/dom/dist/wait-for.js:[2m124:77[22m[39m
[90m [2mÔØ»[22m Timeout.checkRealTimersCallback 
node_modules/@testing-library/dom/dist/wait-for.js:[2m118:16[22m[39m

[31m[2mÔÄ»ÔÄ»ÔÄ»ÔÄ»ÔÄ»ÔÄ»ÔÄ»ÔÄ»ÔÄ»ÔÄ»ÔÄ»ÔÄ»ÔÄ»ÔÄ»ÔÄ»ÔÄ»ÔÄ»ÔÄ»ÔÄ»ÔÄ»ÔÄ
»ÔÄ»ÔÄ»ÔÄ»[1/4]ÔÄ»[22m[39m

[41m[1m FAIL [22m[49m src/pages/CalibrationForm.test.tsx[2m > 
[22mCalibrationForm OOS Logic[2m > [22mdoes NOT show OOS warning 
when error is within max_error
[31m[1mAssertionError[22m[39m: expected "vi.fn()" to be called 
with arguments: [ 1 ][90m

Number of calls: [1m0[22m
[39m

Ignored nodes: comments, script, style
[36m<html>[39m
  [36m<head />[39m
  [36m<body>[39m
    [36m<div>[39m
      [36m<div[39m
        [33mclass[39m=[32m"calibration-page"[39m
      [36m>[39m
        [36m<div[39m
          [33mclass[39m=[32m"form-container"[39m
        [36m>[39m
          [36m<h2>[39m
            [0mRegistrar Nuevo Servicio[0m
          [36m</h2>[39m
          [36m<form>[39m
            [36m<section[39m
              [33mclass[39m=[32m"form-section"[39m
            [36m>[39m
              [36m<h3>[39m
                [0m1. Informaci├│n de la Pipeta[0m
              [36m</h3>[39m
              [36m<div[39m
                [33mclass[39m=[32m"form-group"[39m
              [36m>[39m
                [36m<label[39m
                  [33mfor[39m=[32m"pipette-select"[39m
                [36m>[39m
                  [0mSeleccionar Pipeta[0m
                [36m</label>[39m
                [36m<select[39m
                  [33mid[39m=[32m"pipette-select"[39m
                  [33mrequired[39m=[32m""[39m
                [36m>[39m
                  [36m<option[39m
                    [33mvalue[39m=[32m""[39m
                  [36m>[39m
                    [0m-- Seleccione una pipeta --[0m
                  [36m</option>[39m
                  [36m<option[39m
                    [33mvalue[39m=[32m"1"[39m
                  [36m>[39m
                    [0mPP-001[0m
                    [0m - [0m
                    [0mTest[0m
                    [0m ([0m
                    [0mBrand[0m
                    [0m)[0m
                  [36m</option>[39m
                [36m</select>[39m
              [36m</div>[39m
            [36m</section>[39m
            [36m<section[39m
              [33mclass[39m=[32m"form-section"[39m
            [36m>[39m
              [36m<h3>[39m
                [0m2. Detalles del Evento[0m
              [36m</h3>[39m
              [36m<div[39m
                [33mclass[39m=[32m"form-row"[39m
              [36m>[39m
                [36m<div[39m
                  [33mclass[39m=[32m"form-group"[39m
                [36m>[39m
                  [36m<label[39m
                    [33mfor[39m=[32m"event-type"[39m
                  [36m>[39m
                    [0mTipo de Evento[0m
                  [36m</label>[39m
                  [36m<select[39m
                    [33mid[39m=[32m"event-type"[39m
                  [36m>[39m
                    [36m<option[39m
                      [33mvalue[39m=[32m"calibraci├│n"[39m
                    [36m>[39m
                      [0mCalibraci├│n[0m
                    [36m</option>[39m
                    [36m<option[39m
                      [33mvalue[39m=[32m"calificaci├│n"[39m
                    [36m>[39m
                      [0mCalificaci├│n[0m
                    [36m</option>[39m
                    [36m<option[39m
                      [33mvalue[39m=[32m"ajuste"[39m
                    [36m>[39m
                      [0mAjuste[0m
                    [36m</option>[39m
                  [36m</select>[39m
                [36m</div>[39m
                [36m<div[39m
                  [33mclass[39m=[32m"form-group"[39m
                [36m>[39m
                  [36m<label[39m
                    [33mfor[39m=[32m"calibration-date"[39m
                  [36m>[39m
                    [0mFecha de Servicio[0m
                  [36m</label>[39m
                  [36m<input[39m
                    [33mid[39m=[32m"calibration-date"[39m
                    [33mrequired[39m=[32m""[39m
                    [33mtype[39m=[32m"date"[39m
                    [33mvalue[39m=[32m"2026-03-10"[39m
                  [36m/>[39m
                [36m</div>[39m
              [36m</div>[39m
              [36m<div[39m
                [33mclass[39m=[32m"form-row"[39m
              [36m>[39m
                [36m<div[39m
                  [33mclass[39m=[32m"form-group"[39m
                [36m>[39m
                  [36m<label[39m
                    [33mfor[39m=[32m"provider"[39m
                  [36m>[39m
                    [0mProveedor de Servicio[0m
                  [36m</label>[39m
                  [36m<input[39m
                    [33mid[39m=[32m"provider"[39m
                    [33mplaceholder[39m=[32m"Ej: Mettler 
Toledo"[39m
                    [33mrequired[39m=[32m""[39m
                    [33mtype[39m=[32m"text"[39m
                    [33mvalue[39m=[32m""[39m
                  [36m/>[39m
                [36m</div>[39m
                [36m<div[39m
                  [33mclass[39m=[32m"form-group"[39m
                [36m>[39m
                  [36m<label[39m
                    [33mfor[39m=[32m"expiration-date"[39m
                  [36m>[39m
                    [0mFecha de Vencimiento[0m
                  [36m</label>[39m
                  [36m<input[39m
                    [33mid[39m=[32m"expiration-date"[39m
                    [33mrequired[39m=[32m""[39m
                    [33mtype[39m=[32m"date"[39m
                    [33mvalue[39m=[32m""[39m
                  [36m/>[39m
                [36m</div>[39m
              [36m</div>[39m
            [36m</section>[39m
            [36m<section[39m
              [33mclass[39m=[32m"form-section"[39m
            [36m>[39m
              [36m<div[39m
                [33mclass[39m=[32m"section-header"[39m
              [36m>[39m
                [36m<h3>[39m
                  [0m3. Resultados de las Pruebas[0m
                [36m</h3>[39m
                [36m<button[39m
                  [33mclass[39m=[32m"btn-secondary"[39m
                  [33mtype[39m=[32m"button"[39m
                [36m>[39m
                  [36m<svg[39m
                    [33maria-hidden[39m=[32m"true"[39m
                    [33mclass[39m=[32m"lucide lucide-plus"[39m
                    [33mfill[39m=[32m"none"[39m
                    [33mheight[39m=[32m"16"[39m
                    [33mstroke[39m=[32m"currentColor"[39m
                    [33mstroke-linecap[39m=[32m"round"[39m
                    [33mstroke-linejoin[39m=[32m"round"[39m
                    [33mstroke-width[39m=[32m"2"[39m
                    [33mviewBox[39m=[32m"0 0 24 24"[39m
                    [33mwidth[39m=[32m"16"[39m
                    
[33mxmlns[39m=[32m"http://www.w3.org/2000/svg"[39m
                  [36m>[39m
                    [36m<path[39m
                      [33md[39m=[32m"M5 12h14"[39m
                    [36m/>[39m
                    [36m<path[39m
                      [33md[39m=[32m"M12 5v14"[39m
                    [36m/>[39m
                  [36m</svg>[39m
                  [0m A├▒adir Prueba[0m
                [36m</button>[39m
              [36m</div>[39m
              [36m<div[39m
                [33mclass[39m=[32m"results-list"[39m
              [36m>[39m
                [36m<div[39m
                  [33mclass[39m=[32m"result-row-container"[39m
                [36m>[39m
                  [36m<div[39m
                    [33mclass[39m=[32m"result-inputs"[39m
                  [36m>[39m
                    [36m<div[39m
                      [33mclass[39m=[32m"form-group small"[39m
                    [36m>[39m
                      [36m<label[39m
                        [33mfor[39m=[32m"vol-0"[39m
                      [36m>[39m
                        [0mVolumen (┬ÁL)[0m
                      [36m</label>[39m
                      [36m<input[39m
                        [33mclass[39m=[32m"read-only-input"[39m
                        [33mid[39m=[32m"vol-0"[39m
                        [33mplaceholder[39m=[32m"0"[39m
                        [33mreadonly[39m=[32m""[39m
                        [33mrequired[39m=[32m""[39m
                        [33mtype[39m=[32m"text"[39m
                        [33mvalue[39m=[32m"1000"[39m
                      [36m/>[39m
                    [36m</div>[39m
                    [36m<div[39m
                      [33mclass[39m=[32m"form-group small"[39m
                    [36m>[39m
                      [36m<label[39m
                        [33mfor[39m=[32m"err-0"[39m
                      [36m>[39m
                        [0mError (%)[0m
                      [36m</label>[39m
                      [36m<input[39m
                        [33mid[39m=[32m"err-0"[39m
                        [33mplaceholder[39m=[32m"0.00"[39m
                        [33mrequired[39m=[32m""[39m
                        [33mtype[39m=[32m"text"[39m
                        [33mvalue[39m=[32m"0"[39m
                      [36m/>[39m
                    [36m</div>[39m
                    [36m<div[39m
                      [33mclass[39m=[32m"form-group"[39m
                    [36m>[39m
                      [36m<label[39m
                        [33mfor[39m=[32m"report-0"[39m
                      [36m>[39m
                        [0mN┬░ Informe[0m
                      [36m</label>[39m
                      [36m<input[39m
                        [33mid[39m=[32m"report-0"[39m
                        [33mplaceholder[39m=[32m"CERT-123"[39m
                        [33mrequired[39m=[32m""[39m
                        [33mtype[39m=[32m"text"[39m
                        [33mvalue[39m=[32m""[39m
                      [36m/>[39m
                    [36m</div>[39m
                  [36m</div>[39m
                [36m</div>[39m
              [36m</div>[39m
            [36m</section>[39m
            [36m<div[39m
              [33mclass[39m=[32m"form-actions"[39m
            [36m>[39m
              [36m<button[39m
                [33mclass[39m=[32m"btn-primary"[39m
                [33mtype[39m=[32m"submit"[39m
              [36m>[39m
                [36m<svg[39m
                  [33maria-hidden[39m=[32m"true"[39m
                  [33mclass[39m=[32m"lucide lucide-save"[39m
                  [33mfill[39m=[32m"none"[39m
                  [33mheight[39m=[32m"18"[39m
                  [33mstroke[39m=[32m"currentColor"[39m
                  [33mstroke-linecap[39m=[32m"round"[39m
                  [33mstroke-linejoin[39m=[32m"round"[39m
                  [33mstroke-width[39m=[32m"2"[39m
                  [33mviewBox[39m=[32m"0 0 24 24"[39m
                  [33mwidth[39m=[32m"18"[39m
                  
[33mxmlns[39m=[32m"http://www.w3.org/2000/svg"[39m
                [36m>[39m
                  [36m<path[39m
                    [33md[39m=[32m"M15.2 3a2 2 0 0 1 1.4.6l3.8 
3.8a2 2 0 0 1 .6 1.4V19a2 2 0 0 1-2 2H5a2 2 0 0 1-2-2V5a2 2 0 0 1 
2-2z"[39m
                  [36m/>[39m
                  [36m<path[39m
                    [33md[39m=[32m"M17 21v-7a1 1 0 0 0-1-1H8a1 1 0 
0 0-1 1v7"[39m
                  [36m/>[39m
                  [36m<path[39m
                    [33md[39m=[32m"M7 3v4a1 1 0 0 0 1 1h7"[39m
                  [36m/>[39m
                [36m</svg>[39m
                [0m [0m
                [0mGuardar Servicio[0m
              [36m</button>[39m
            [36m</div>[39m
          [36m</form>[39m
        [36m</div>[39m
      [36m</div>[39m
    [36m</div>[39m
  [36m</body>[39m
[36m</html>[39m
[36m [2mÔØ»[22m 
src/pages/CalibrationForm.test.tsx:[2m151:57[22m[39m
    [90m149| [39m
    [90m150| [39m    [35mawait[39m [34mwaitFor[39m(() 
[33m=>[39m {
    [90m151| [39m      
expect(pipetteService.getLastCalibrationTemplate).toHaveBeenCallÔÇª
    [90m   | [39m                                                    
    [31m^[39m
    [90m152| [39m    })[33m;[39m
    [90m153| [39m
[90m [2mÔØ»[22m runWithExpensiveErrorDiagnosticsDisabled 
node_modules/@testing-library/dom/dist/config.js:[2m47:12[22m[39m
[90m [2mÔØ»[22m checkCallback 
node_modules/@testing-library/dom/dist/wait-for.js:[2m124:77[22m[39m
[90m [2mÔØ»[22m Timeout.checkRealTimersCallback 
node_modules/@testing-library/dom/dist/wait-for.js:[2m118:16[22m[39m

[31m[2mÔÄ»ÔÄ»ÔÄ»ÔÄ»ÔÄ»ÔÄ»ÔÄ»ÔÄ»ÔÄ»ÔÄ»ÔÄ»ÔÄ»ÔÄ»ÔÄ»ÔÄ»ÔÄ»ÔÄ»ÔÄ»ÔÄ»ÔÄ»ÔÄ
»ÔÄ»ÔÄ»ÔÄ»[2/4]ÔÄ»[22m[39m

[41m[1m FAIL [22m[49m src/pages/CalibrationForm.test.tsx[2m > 
[22mCalibrationForm OOS Logic[2m > [22mcorrectly handles 
comma-separated decimal inputs
[31m[1mAssertionError[22m[39m: expected "vi.fn()" to be called 
with arguments: [ 1 ][90m

Number of calls: [1m0[22m
[39m

Ignored nodes: comments, script, style
[36m<html>[39m
  [36m<head />[39m
  [36m<body>[39m
    [36m<div>[39m
      [36m<div[39m
        [33mclass[39m=[32m"calibration-page"[39m
      [36m>[39m
        [36m<div[39m
          [33mclass[39m=[32m"form-container"[39m
        [36m>[39m
          [36m<h2>[39m
            [0mRegistrar Nuevo Servicio[0m
          [36m</h2>[39m
          [36m<form>[39m
            [36m<section[39m
              [33mclass[39m=[32m"form-section"[39m
            [36m>[39m
              [36m<h3>[39m
                [0m1. Informaci├│n de la Pipeta[0m
              [36m</h3>[39m
              [36m<div[39m
                [33mclass[39m=[32m"form-group"[39m
              [36m>[39m
                [36m<label[39m
                  [33mfor[39m=[32m"pipette-select"[39m
                [36m>[39m
                  [0mSeleccionar Pipeta[0m
                [36m</label>[39m
                [36m<select[39m
                  [33mid[39m=[32m"pipette-select"[39m
                  [33mrequired[39m=[32m""[39m
                [36m>[39m
                  [36m<option[39m
                    [33mvalue[39m=[32m""[39m
                  [36m>[39m
                    [0m-- Seleccione una pipeta --[0m
                  [36m</option>[39m
                  [36m<option[39m
                    [33mvalue[39m=[32m"1"[39m
                  [36m>[39m
                    [0mPP-001[0m
                    [0m - [0m
                    [0mTest[0m
                    [0m ([0m
                    [0mBrand[0m
                    [0m)[0m
                  [36m</option>[39m
                [36m</select>[39m
              [36m</div>[39m
            [36m</section>[39m
            [36m<section[39m
              [33mclass[39m=[32m"form-section"[39m
            [36m>[39m
              [36m<h3>[39m
                [0m2. Detalles del Evento[0m
              [36m</h3>[39m
              [36m<div[39m
                [33mclass[39m=[32m"form-row"[39m
              [36m>[39m
                [36m<div[39m
                  [33mclass[39m=[32m"form-group"[39m
                [36m>[39m
                  [36m<label[39m
                    [33mfor[39m=[32m"event-type"[39m
                  [36m>[39m
                    [0mTipo de Evento[0m
                  [36m</label>[39m
                  [36m<select[39m
                    [33mid[39m=[32m"event-type"[39m
                  [36m>[39m
                    [36m<option[39m
                      [33mvalue[39m=[32m"calibraci├│n"[39m
                    [36m>[39m
                      [0mCalibraci├│n[0m
                    [36m</option>[39m
                    [36m<option[39m
                      [33mvalue[39m=[32m"calificaci├│n"[39m
                    [36m>[39m
                      [0mCalificaci├│n[0m
                    [36m</option>[39m
                    [36m<option[39m
                      [33mvalue[39m=[32m"ajuste"[39m
                    [36m>[39m
                      [0mAjuste[0m
                    [36m</option>[39m
                  [36m</select>[39m
                [36m</div>[39m
                [36m<div[39m
                  [33mclass[39m=[32m"form-group"[39m
                [36m>[39m
                  [36m<label[39m
                    [33mfor[39m=[32m"calibration-date"[39m
                  [36m>[39m
                    [0mFecha de Servicio[0m
                  [36m</label>[39m
                  [36m<input[39m
                    [33mid[39m=[32m"calibration-date"[39m
                    [33mrequired[39m=[32m""[39m
                    [33mtype[39m=[32m"date"[39m
                    [33mvalue[39m=[32m"2026-03-10"[39m
                  [36m/>[39m
                [36m</div>[39m
              [36m</div>[39m
              [36m<div[39m
                [33mclass[39m=[32m"form-row"[39m
              [36m>[39m
                [36m<div[39m
                  [33mclass[39m=[32m"form-group"[39m
                [36m>[39m
                  [36m<label[39m
                    [33mfor[39m=[32m"provider"[39m
                  [36m>[39m
                    [0mProveedor de Servicio[0m
                  [36m</label>[39m
                  [36m<input[39m
                    [33mid[39m=[32m"provider"[39m
                    [33mplaceholder[39m=[32m"Ej: Mettler 
Toledo"[39m
                    [33mrequired[39m=[32m""[39m
                    [33mtype[39m=[32m"text"[39m
                    [33mvalue[39m=[32m""[39m
                  [36m/>[39m
                [36m</div>[39m
                [36m<div[39m
                  [33mclass[39m=[32m"form-group"[39m
                [36m>[39m
                  [36m<label[39m
                    [33mfor[39m=[32m"expiration-date"[39m
                  [36m>[39m
                    [0mFecha de Vencimiento[0m
                  [36m</label>[39m
                  [36m<input[39m
                    [33mid[39m=[32m"expiration-date"[39m
                    [33mrequired[39m=[32m""[39m
                    [33mtype[39m=[32m"date"[39m
                    [33mvalue[39m=[32m""[39m
                  [36m/>[39m
                [36m</div>[39m
              [36m</div>[39m
            [36m</section>[39m
            [36m<section[39m
              [33mclass[39m=[32m"form-section"[39m
            [36m>[39m
              [36m<div[39m
                [33mclass[39m=[32m"section-header"[39m
              [36m>[39m
                [36m<h3>[39m
                  [0m3. Resultados de las Pruebas[0m
                [36m</h3>[39m
                [36m<button[39m
                  [33mclass[39m=[32m"btn-secondary"[39m
                  [33mtype[39m=[32m"button"[39m
                [36m>[39m
                  [36m<svg[39m
                    [33maria-hidden[39m=[32m"true"[39m
                    [33mclass[39m=[32m"lucide lucide-plus"[39m
                    [33mfill[39m=[32m"none"[39m
                    [33mheight[39m=[32m"16"[39m
                    [33mstroke[39m=[32m"currentColor"[39m
                    [33mstroke-linecap[39m=[32m"round"[39m
                    [33mstroke-linejoin[39m=[32m"round"[39m
                    [33mstroke-width[39m=[32m"2"[39m
                    [33mviewBox[39m=[32m"0 0 24 24"[39m
                    [33mwidth[39m=[32m"16"[39m
                    
[33mxmlns[39m=[32m"http://www.w3.org/2000/svg"[39m
                  [36m>[39m
                    [36m<path[39m
                      [33md[39m=[32m"M5 12h14"[39m
                    [36m/>[39m
                    [36m<path[39m
                      [33md[39m=[32m"M12 5v14"[39m
                    [36m/>[39m
                  [36m</svg>[39m
                  [0m A├▒adir Prueba[0m
                [36m</button>[39m
              [36m</div>[39m
              [36m<div[39m
                [33mclass[39m=[32m"results-list"[39m
              [36m>[39m
                [36m<div[39m
                  [33mclass[39m=[32m"result-row-container"[39m
                [36m>[39m
                  [36m<div[39m
                    [33mclass[39m=[32m"result-inputs"[39m
                  [36m>[39m
                    [36m<div[39m
                      [33mclass[39m=[32m"form-group small"[39m
                    [36m>[39m
                      [36m<label[39m
                        [33mfor[39m=[32m"vol-0"[39m
                      [36m>[39m
                        [0mVolumen (┬ÁL)[0m
                      [36m</label>[39m
                      [36m<input[39m
                        [33mclass[39m=[32m"read-only-input"[39m
                        [33mid[39m=[32m"vol-0"[39m
                        [33mplaceholder[39m=[32m"0"[39m
                        [33mreadonly[39m=[32m""[39m
                        [33mrequired[39m=[32m""[39m
                        [33mtype[39m=[32m"text"[39m
                        [33mvalue[39m=[32m"1000"[39m
                      [36m/>[39m
                    [36m</div>[39m
                    [36m<div[39m
                      [33mclass[39m=[32m"form-group small"[39m
                    [36m>[39m
                      [36m<label[39m
                        [33mfor[39m=[32m"err-0"[39m
                      [36m>[39m
                        [0mError (%)[0m
                      [36m</label>[39m
                      [36m<input[39m
                        [33mid[39m=[32m"err-0"[39m
                        [33mplaceholder[39m=[32m"0.00"[39m
                        [33mrequired[39m=[32m""[39m
                        [33mtype[39m=[32m"text"[39m
                        [33mvalue[39m=[32m"0"[39m
                      [36m/>[39m
                    [36m</div>[39m
                    [36m<div[39m
                      [33mclass[39m=[32m"form-group"[39m
                    [36m>[39m
                      [36m<label[39m
                        [33mfor[39m=[32m"report-0"[39m
                      [36m>[39m
                        [0mN┬░ Informe[0m
                      [36m</label>[39m
                      [36m<input[39m
                        [33mid[39m=[32m"report-0"[39m
                        [33mplaceholder[39m=[32m"CERT-123"[39m
                        [33mrequired[39m=[32m""[39m
                        [33mtype[39m=[32m"text"[39m
                        [33mvalue[39m=[32m""[39m
                      [36m/>[39m
                    [36m</div>[39m
                  [36m</div>[39m
                [36m</div>[39m
              [36m</div>[39m
            [36m</section>[39m
            [36m<div[39m
              [33mclass[39m=[32m"form-actions"[39m
            [36m>[39m
              [36m<button[39m
                [33mclass[39m=[32m"btn-primary"[39m
                [33mtype[39m=[32m"submit"[39m
              [36m>[39m
                [36m<svg[39m
                  [33maria-hidden[39m=[32m"true"[39m
                  [33mclass[39m=[32m"lucide lucide-save"[39m
                  [33mfill[39m=[32m"none"[39m
                  [33mheight[39m=[32m"18"[39m
                  [33mstroke[39m=[32m"currentColor"[39m
                  [33mstroke-linecap[39m=[32m"round"[39m
                  [33mstroke-linejoin[39m=[32m"round"[39m
                  [33mstroke-width[39m=[32m"2"[39m
                  [33mviewBox[39m=[32m"0 0 24 24"[39m
                  [33mwidth[39m=[32m"18"[39m
                  
[33mxmlns[39m=[32m"http://www.w3.org/2000/svg"[39m
                [36m>[39m
                  [36m<path[39m
                    [33md[39m=[32m"M15.2 3a2 2 0 0 1 1.4.6l3.8 
3.8a2 2 0 0 1 .6 1.4V19a2 2 0 0 1-2 2H5a2 2 0 0 1-2-2V5a2 2 0 0 1 
2-2z"[39m
                  [36m/>[39m
                  [36m<path[39m
                    [33md[39m=[32m"M17 21v-7a1 1 0 0 0-1-1H8a1 1 0 
0 0-1 1v7"[39m
                  [36m/>[39m
                  [36m<path[39m
                    [33md[39m=[32m"M7 3v4a1 1 0 0 0 1 1h7"[39m
                  [36m/>[39m
                [36m</svg>[39m
                [0m [0m
                [0mGuardar Servicio[0m
              [36m</button>[39m
            [36m</div>[39m
          [36m</form>[39m
        [36m</div>[39m
      [36m</div>[39m
    [36m</div>[39m
  [36m</body>[39m
[36m</html>[39m
[36m [2mÔØ»[22m 
src/pages/CalibrationForm.test.tsx:[2m177:57[22m[39m
    [90m175| [39m
    [90m176| [39m    [35mawait[39m [34mwaitFor[39m(() 
[33m=>[39m {
    [90m177| [39m      
expect(pipetteService.getLastCalibrationTemplate).toHaveBeenCallÔÇª
    [90m   | [39m                                                    
    [31m^[39m
    [90m178| [39m    })[33m;[39m
    [90m179| [39m
[90m [2mÔØ»[22m runWithExpensiveErrorDiagnosticsDisabled 
node_modules/@testing-library/dom/dist/config.js:[2m47:12[22m[39m
[90m [2mÔØ»[22m checkCallback 
node_modules/@testing-library/dom/dist/wait-for.js:[2m124:77[22m[39m
[90m [2mÔØ»[22m Timeout.checkRealTimersCallback 
node_modules/@testing-library/dom/dist/wait-for.js:[2m118:16[22m[39m

[31m[2mÔÄ»ÔÄ»ÔÄ»ÔÄ»ÔÄ»ÔÄ»ÔÄ»ÔÄ»ÔÄ»ÔÄ»ÔÄ»ÔÄ»ÔÄ»ÔÄ»ÔÄ»ÔÄ»ÔÄ»ÔÄ»ÔÄ»ÔÄ»ÔÄ
»ÔÄ»ÔÄ»ÔÄ»[3/4]ÔÄ»[22m[39m

[41m[1m FAIL [22m[49m src/pages/CalibrationForm.test.tsx[2m > 
[22mCalibrationForm OOS Logic[2m > [22mallows intermediate negative 
sign without showing NaN
[31m[1mAssertionError[22m[39m: expected "vi.fn()" to be called 
with arguments: [ 1 ][90m

Number of calls: [1m0[22m
[39m

Ignored nodes: comments, script, style
[36m<html>[39m
  [36m<head />[39m
  [36m<body>[39m
    [36m<div>[39m
      [36m<div[39m
        [33mclass[39m=[32m"calibration-page"[39m
      [36m>[39m
        [36m<div[39m
          [33mclass[39m=[32m"form-container"[39m
        [36m>[39m
          [36m<h2>[39m
            [0mRegistrar Nuevo Servicio[0m
          [36m</h2>[39m
          [36m<form>[39m
            [36m<section[39m
              [33mclass[39m=[32m"form-section"[39m
            [36m>[39m
              [36m<h3>[39m
                [0m1. Informaci├│n de la Pipeta[0m
              [36m</h3>[39m
              [36m<div[39m
                [33mclass[39m=[32m"form-group"[39m
              [36m>[39m
                [36m<label[39m
                  [33mfor[39m=[32m"pipette-select"[39m
                [36m>[39m
                  [0mSeleccionar Pipeta[0m
                [36m</label>[39m
                [36m<select[39m
                  [33mid[39m=[32m"pipette-select"[39m
                  [33mrequired[39m=[32m""[39m
                [36m>[39m
                  [36m<option[39m
                    [33mvalue[39m=[32m""[39m
                  [36m>[39m
                    [0m-- Seleccione una pipeta --[0m
                  [36m</option>[39m
                  [36m<option[39m
                    [33mvalue[39m=[32m"1"[39m
                  [36m>[39m
                    [0mPP-001[0m
                    [0m - [0m
                    [0mTest[0m
                    [0m ([0m
                    [0mBrand[0m
                    [0m)[0m
                  [36m</option>[39m
                [36m</select>[39m
              [36m</div>[39m
            [36m</section>[39m
            [36m<section[39m
              [33mclass[39m=[32m"form-section"[39m
            [36m>[39m
              [36m<h3>[39m
                [0m2. Detalles del Evento[0m
              [36m</h3>[39m
              [36m<div[39m
                [33mclass[39m=[32m"form-row"[39m
              [36m>[39m
                [36m<div[39m
                  [33mclass[39m=[32m"form-group"[39m
                [36m>[39m
                  [36m<label[39m
                    [33mfor[39m=[32m"event-type"[39m
                  [36m>[39m
                    [0mTipo de Evento[0m
                  [36m</label>[39m
                  [36m<select[39m
                    [33mid[39m=[32m"event-type"[39m
                  [36m>[39m
                    [36m<option[39m
                      [33mvalue[39m=[32m"calibraci├│n"[39m
                    [36m>[39m
                      [0mCalibraci├│n[0m
                    [36m</option>[39m
                    [36m<option[39m
                      [33mvalue[39m=[32m"calificaci├│n"[39m
                    [36m>[39m
                      [0mCalificaci├│n[0m
                    [36m</option>[39m
                    [36m<option[39m
                      [33mvalue[39m=[32m"ajuste"[39m
                    [36m>[39m
                      [0mAjuste[0m
                    [36m</option>[39m
                  [36m</select>[39m
                [36m</div>[39m
                [36m<div[39m
                  [33mclass[39m=[32m"form-group"[39m
                [36m>[39m
                  [36m<label[39m
                    [33mfor[39m=[32m"calibration-date"[39m
                  [36m>[39m
                    [0mFecha de Servicio[0m
                  [36m</label>[39m
                  [36m<input[39m
                    [33mid[39m=[32m"calibration-date"[39m
                    [33mrequired[39m=[32m""[39m
                    [33mtype[39m=[32m"date"[39m
                    [33mvalue[39m=[32m"2026-03-10"[39m
                  [36m/>[39m
                [36m</div>[39m
              [36m</div>[39m
              [36m<div[39m
                [33mclass[39m=[32m"form-row"[39m
              [36m>[39m
                [36m<div[39m
                  [33mclass[39m=[32m"form-group"[39m
                [36m>[39m
                  [36m<label[39m
                    [33mfor[39m=[32m"provider"[39m
                  [36m>[39m
                    [0mProveedor de Servicio[0m
                  [36m</label>[39m
                  [36m<input[39m
                    [33mid[39m=[32m"provider"[39m
                    [33mplaceholder[39m=[32m"Ej: Mettler 
Toledo"[39m
                    [33mrequired[39m=[32m""[39m
                    [33mtype[39m=[32m"text"[39m
                    [33mvalue[39m=[32m""[39m
                  [36m/>[39m
                [36m</div>[39m
                [36m<div[39m
                  [33mclass[39m=[32m"form-group"[39m
                [36m>[39m
                  [36m<label[39m
                    [33mfor[39m=[32m"expiration-date"[39m
                  [36m>[39m
                    [0mFecha de Vencimiento[0m
                  [36m</label>[39m
                  [36m<input[39m
                    [33mid[39m=[32m"expiration-date"[39m
                    [33mrequired[39m=[32m""[39m
                    [33mtype[39m=[32m"date"[39m
                    [33mvalue[39m=[32m""[39m
                  [36m/>[39m
                [36m</div>[39m
              [36m</div>[39m
            [36m</section>[39m
            [36m<section[39m
              [33mclass[39m=[32m"form-section"[39m
            [36m>[39m
              [36m<div[39m
                [33mclass[39m=[32m"section-header"[39m
              [36m>[39m
                [36m<h3>[39m
                  [0m3. Resultados de las Pruebas[0m
                [36m</h3>[39m
                [36m<button[39m
                  [33mclass[39m=[32m"btn-secondary"[39m
                  [33mtype[39m=[32m"button"[39m
                [36m>[39m
                  [36m<svg[39m
                    [33maria-hidden[39m=[32m"true"[39m
                    [33mclass[39m=[32m"lucide lucide-plus"[39m
                    [33mfill[39m=[32m"none"[39m
                    [33mheight[39m=[32m"16"[39m
                    [33mstroke[39m=[32m"currentColor"[39m
                    [33mstroke-linecap[39m=[32m"round"[39m
                    [33mstroke-linejoin[39m=[32m"round"[39m
                    [33mstroke-width[39m=[32m"2"[39m
                    [33mviewBox[39m=[32m"0 0 24 24"[39m
                    [33mwidth[39m=[32m"16"[39m
                    
[33mxmlns[39m=[32m"http://www.w3.org/2000/svg"[39m
                  [36m>[39m
                    [36m<path[39m
                      [33md[39m=[32m"M5 12h14"[39m
                    [36m/>[39m
                    [36m<path[39m
                      [33md[39m=[32m"M12 5v14"[39m
                    [36m/>[39m
                  [36m</svg>[39m
                  [0m A├▒adir Prueba[0m
                [36m</button>[39m
              [36m</div>[39m
              [36m<div[39m
                [33mclass[39m=[32m"results-list"[39m
              [36m>[39m
                [36m<div[39m
                  [33mclass[39m=[32m"result-row-container"[39m
                [36m>[39m
                  [36m<div[39m
                    [33mclass[39m=[32m"result-inputs"[39m
                  [36m>[39m
                    [36m<div[39m
                      [33mclass[39m=[32m"form-group small"[39m
                    [36m>[39m
                      [36m<label[39m
                        [33mfor[39m=[32m"vol-0"[39m
                      [36m>[39m

[2m Test Files [22m [1m[31m1 failed[39m[22m[90m (1)[39m
[2m      Tests [22m [1m[31m4 failed[39m[22m[2m | [22m[1m[32m2 passed[39m[22m[90m (6)[39m
[2m   Start at [22m 11:47:39
[2m   Duration [22m 5.95s[2m (transform 150ms, setup 126ms, import 308ms, tests 4.19s, environment 966ms)[22m

                        [0mVolumen (┬ÁL)[0m
                      [36m</label>[39m
                      [36m<input[39m
                        [33mclass[39m=[32m"read-only-input"[39m
                        [33mid[39m=[32m"vol-0"[39m
                        [33mplaceholder[39m=[32m"0"[39m
                        [33mreadonly[39m=[32m""[39m
                        [33mrequired[39m=[32m""[39m
                        [33mtype[39m=[32m"text"[39m
                        [33mvalue[39m=[32m"1000"[39m
                      [36m/>[39m
                    [36m</div>[39m
                    [36m<div[39m
                      [33mclass[39m=[32m"form-group small"[39m
                    [36m>[39m
                      [36m<label[39m
                        [33mfor[39m=[32m"err-0"[39m
                      [36m>[39m
                        [0mError (%)[0m
                      [36m</label>[39m
                      [36m<input[39m
                        [33mid[39m=[32m"err-0"[39m
                        [33mplaceholder[39m=[32m"0.00"[39m
                        [33mrequired[39m=[32m""[39m
                        [33mtype[39m=[32m"text"[39m
                        [33mvalue[39m=[32m"0"[39m
                      [36m/>[39m
                    [36m</div>[39m
                    [36m<div[39m
                      [33mclass[39m=[32m"form-group"[39m
                    [36m>[39m
                      [36m<label[39m
                        [33mfor[39m=[32m"report-0"[39m
                      [36m>[39m
                        [0mN┬░ Informe[0m
                      [36m</label>[39m
                      [36m<input[39m
                        [33mid[39m=[32m"report-0"[39m
                        [33mplaceholder[39m=[32m"CERT-123"[39m
                        [33mrequired[39m=[32m""[39m
                        [33mtype[39m=[32m"text"[39m
                        [33mvalue[39m=[32m""[39m
                      [36m/>[39m
                    [36m</div>[39m
                  [36m</div>[39m
                [36m</div>[39m
              [36m</div>[39m
            [36m</section>[39m
            [36m<div[39m
              [33mclass[39m=[32m"form-actions"[39m
            [36m>[39m
              [36m<button[39m
                [33mclass[39m=[32m"btn-primary"[39m
                [33mtype[39m=[32m"submit"[39m
              [36m>[39m
                [36m<svg[39m
                  [33maria-hidden[39m=[32m"true"[39m
                  [33mclass[39m=[32m"lucide lucide-save"[39m
                  [33mfill[39m=[32m"none"[39m
                  [33mheight[39m=[32m"18"[39m
                  [33mstroke[39m=[32m"currentColor"[39m
                  [33mstroke-linecap[39m=[32m"round"[39m
                  [33mstroke-linejoin[39m=[32m"round"[39m
                  [33mstroke-width[39m=[32m"2"[39m
                  [33mviewBox[39m=[32m"0 0 24 24"[39m
                  [33mwidth[39m=[32m"18"[39m
                  
[33mxmlns[39m=[32m"http://www.w3.org/2000/svg"[39m
                [36m>[39m
                  [36m<path[39m
                    [33md[39m=[32m"M15.2 3a2 2 0 0 1 1.4.6l3.8 
3.8a2 2 0 0 1 .6 1.4V19a2 2 0 0 1-2 2H5a2 2 0 0 1-2-2V5a2 2 0 0 1 
2-2z"[39m
                  [36m/>[39m
                  [36m<path[39m
                    [33md[39m=[32m"M17 21v-7a1 1 0 0 0-1-1H8a1 1 0 
0 0-1 1v7"[39m
                  [36m/>[39m
                  [36m<path[39m
                    [33md[39m=[32m"M7 3v4a1 1 0 0 0 1 1h7"[39m
                  [36m/>[39m
                [36m</svg>[39m
                [0m [0m
                [0mGuardar Servicio[0m
              [36m</button>[39m
            [36m</div>[39m
          [36m</form>[39m
        [36m</div>[39m
      [36m</div>[39m
    [36m</div>[39m
  [36m</body>[39m
[36m</html>[39m
[36m [2mÔØ»[22m 
src/pages/CalibrationForm.test.tsx:[2m205:57[22m[39m
    [90m203| [39m
    [90m204| [39m    [35mawait[39m [34mwaitFor[39m(() 
[33m=>[39m {
    [90m205| [39m      
expect(pipetteService.getLastCalibrationTemplate).toHaveBeenCallÔÇª
    [90m   | [39m                                                    
    [31m^[39m
    [90m206| [39m    })[33m;[39m
    [90m207| [39m
[90m [2mÔØ»[22m runWithExpensiveErrorDiagnosticsDisabled 
node_modules/@testing-library/dom/dist/config.js:[2m47:12[22m[39m
[90m [2mÔØ»[22m checkCallback 
node_modules/@testing-library/dom/dist/wait-for.js:[2m124:77[22m[39m
[90m [2mÔØ»[22m Timeout.checkRealTimersCallback 
node_modules/@testing-library/dom/dist/wait-for.js:[2m118:16[22m[39m

[31m[2mÔÄ»ÔÄ»ÔÄ»ÔÄ»ÔÄ»ÔÄ»ÔÄ»ÔÄ»ÔÄ»ÔÄ»ÔÄ»ÔÄ»ÔÄ»ÔÄ»ÔÄ»ÔÄ»ÔÄ»ÔÄ»ÔÄ»ÔÄ»ÔÄ
»ÔÄ»ÔÄ»ÔÄ»[4/4]ÔÄ»[22m[39m

